src/app/buyer/page.tsx(54,77): error TS18048: 'order.id' is possibly 'undefined'.
src/app/buyer/page.tsx(69,78): error TS2345: Argument of type 'string | undefined' is not assignable to parameter of type 'string'.
  Type 'undefined' is not assignable to type 'string'.
src/app/farmer/page.tsx(49,45): error TS18047: 'p' is possibly 'null'.
src/app/farmer/page.tsx(98,39): error TS18047: 'p' is possibly 'null'.
src/app/farmer/page.tsx(100,46): error TS18047: 'p' is possibly 'null'.
src/app/farmer/page.tsx(101,57): error TS18047: 'p' is possibly 'null'.
src/app/farmer/page.tsx(103,46): error TS18047: 'p' is possibly 'null'.
src/app/providers.tsx(4,10): error TS2305: Module '"@mysten/sui/client"' has no exported member 'getFullnodeUrl'.
src/app/providers.tsx(10,3): error TS2322: Type '{ url: any; }' is not assignable to type 'NetworkConfig<{}>'.
  Type '{ url: any; }' is not assignable to type '{ transport: JsonRpcTransport; url?: undefined; } & { network: Network; mvr?: MvrOptions | undefined; } & { variables?: {} | undefined; }'.
    Property 'transport' is missing in type '{ url: any; }' but required in type '{ transport: JsonRpcTransport; url?: undefined; }'.
src/app/providers.tsx(11,3): error TS2322: Type '{ url: any; }' is not assignable to type 'NetworkConfig<{}>'.
  Type '{ url: any; }' is not assignable to type '{ transport: JsonRpcTransport; url?: undefined; } & { network: Network; mvr?: MvrOptions | undefined; } & { variables?: {} | undefined; }'.
    Property 'transport' is missing in type '{ url: any; }' but required in type '{ transport: JsonRpcTransport; url?: undefined; }'.
